// Jest Snapshot v1, https://goo.gl/fbAQLP

exports[`component/SavingsSummary renders Savings summary component 1`] = `
<div>
   
  <div
    class="css-6z87o"
  >
    <p
      class="chakra-text css-nrvl4t"
    >
      Savings Summary
    </p>
    <p
      class="chakra-text css-1hgde6q"
    >
      
       
      
      's total savings in 50 years will be:
    </p>
    <p
      class="chakra-text css-koy48z"
    >
      Â£ 
    </p>
  </div>
   
   
</div>
`;
